// Vitest Snapshot v1, https://vitest.dev/guide/snapshot.html

exports[`parseStep("= abc =") 1`] = `"{"ingredients":[],"cookware":[],"timers":[],"steps":[{"type":"text","value":"= abc ="}]}"`;

exports[`parseStep("> abc") 1`] = `"{"ingredients":[],"cookware":[],"timers":[],"steps":[{"type":"text","value":"> abc"}]}"`;

exports[`parseStep("\\\\= abc =") 1`] = `"{"ingredients":[],"cookware":[],"timers":[],"steps":[{"type":"text","value":"\\\\= abc ="}]}"`;

exports[`parseStep("\\\\> abc") 1`] = `"{"ingredients":[],"cookware":[],"timers":[],"steps":[{"type":"text","value":"\\\\> abc"}]}"`;

exports[`parseStep("abc \\r\\n.\\r\\n def") 1`] = `"{"ingredients":[],"cookware":[],"timers":[],"steps":[{"type":"text","value":"abc\\n.\\ndef"}]}"`;

exports[`parseStep("abc \\r\\n\\r\\n def") 1`] = `"{"ingredients":[],"cookware":[],"timers":[],"steps":[{"type":"text","value":"abc\\ndef"}]}"`;

exports[`parseStep("abc") 1`] = `"{"ingredients":[],"cookware":[],"timers":[],"steps":[{"type":"text","value":"abc"}]}"`;

exports[`parseStep("abc\\n\\ndef") 1`] = `"{"ingredients":[],"cookware":[],"timers":[],"steps":[{"type":"text","value":"abc\\ndef"}]}"`;

exports[`parseStep("abc\\ndef") 1`] = `"{"ingredients":[],"cookware":[],"timers":[],"steps":[{"type":"text","value":"abc\\ndef"}]}"`;

exports[`parseStep("abc\\r\\n\\r\\ndef") 1`] = `"{"ingredients":[],"cookware":[],"timers":[],"steps":[{"type":"text","value":"abc\\ndef"}]}"`;
