// Vitest Snapshot v1, https://vitest.dev/guide/snapshot.html

exports[`Updating sections 1`] = `"[{"source":"Add @pineapple","parsed":{"ingredients":[{"name":"pineapple","alias":null,"quantity":null,"note":null}],"cookware":[],"timers":[],"steps":[{"type":"text","value":"Add "},{"type":"ingredient","index":0}]}},{"source":"Stir with #mixer","parsed":{"ingredients":[],"cookware":[{"name":"mixer","alias":null,"quantity":null,"note":null}],"timers":[],"steps":[{"type":"text","value":"Stir with "},{"type":"cookware","index":0}]}}]"`;

exports[`Updating sections 2`] = `"[{"source":"Fold in @cream","parsed":{"ingredients":[{"name":"cream","alias":null,"quantity":null,"note":null}],"cookware":[],"timers":[],"steps":[{"type":"text","value":"Fold in "},{"type":"ingredient","index":0}]}},{"source":"Blend with #blender","parsed":{"ingredients":[],"cookware":[{"name":"blender","alias":null,"quantity":null,"note":null}],"timers":[],"steps":[{"type":"text","value":"Blend with "},{"type":"cookware","index":0}]}}]"`;
